// Jest Snapshot v1, https://goo.gl/fbAQLP

exports[`Quiz Container Render Quiz 1`] = `
<Quiz
  answerQuestion={[Function]}
  fetchQuestions={[Function]}
  quiz={
    Object {
      "currentQuestionIndex": 0,
      "dataFetched": false,
      "error": false,
      "isFetching": false,
      "results": Array [],
    }
  }
  store={
    Object {
      "clearActions": [Function],
      "dispatch": [Function],
      "getActions": [Function],
      "getState": [Function],
      "replaceReducer": [Function],
      "subscribe": [Function],
    }
  }
  storeSubscription={
    Subscription {
      "listeners": Object {
        "clear": [Function],
        "get": [Function],
        "notify": [Function],
        "subscribe": [Function],
      },
      "onStateChange": [Function],
      "parentSub": undefined,
      "store": Object {
        "clearActions": [Function],
        "dispatch": [Function],
        "getActions": [Function],
        "getState": [Function],
        "replaceReducer": [Function],
        "subscribe": [Function],
      },
      "unsubscribe": [Function],
    }
  }
/>
`;
